Test successful!
Python executable: D:\PaksaTalker\venv\Scripts\python.exe
Current directory: D:\PaksaTalker
